// Jest Snapshot v1, https://goo.gl/fbAQLP

exports[`<Price /> component should be mounted and not break 1`] = `
<InjectIntl(Price)
  installmentPrice={50}
  installments={3}
  intl={
    Object {
      "defaultFormats": Object {},
      "defaultLocale": "en",
      "formatDate": [Function],
      "formatHTMLMessage": [Function],
      "formatMessage": [Function],
      "formatNumber": [Function],
      "formatPlural": [Function],
      "formatRelative": [Function],
      "formatTime": [Function],
      "formats": Object {},
      "formatters": Object {
        "getDateTimeFormat": [Function],
        "getMessageFormat": [Function],
        "getNumberFormat": [Function],
        "getPluralFormat": [Function],
        "getRelativeFormat": [Function],
      },
      "locale": "en",
      "messages": Object {
        "loading": "Loading…",
        "pricing.from": "from:",
        "pricing.installment-display": "or up to {installments}X of {installmentPrice}",
        "pricing.to": "to:",
      },
      "now": [Function],
      "textComponent": "span",
    }
  }
  listPrice={200}
  sellingPrice={170}
>
  <Price
    installmentPrice={50}
    installments={3}
    intl={
      Object {
        "defaultFormats": Object {},
        "defaultLocale": "en",
        "formatDate": [Function],
        "formatHTMLMessage": [Function],
        "formatMessage": [Function],
        "formatNumber": [Function],
        "formatPlural": [Function],
        "formatRelative": [Function],
        "formatTime": [Function],
        "formats": Object {},
        "formatters": Object {
          "getDateTimeFormat": [Function],
          "getMessageFormat": [Function],
          "getNumberFormat": [Function],
          "getPluralFormat": [Function],
          "getRelativeFormat": [Function],
        },
        "locale": "en",
        "messages": Object {
          "loading": "Loading…",
          "pricing.from": "from:",
          "pricing.installment-display": "or up to {installments}X of {installmentPrice}",
          "pricing.to": "to:",
        },
        "now": [Function],
        "textComponent": "span",
      }
    }
    listPrice={200}
    sellingPrice={170}
    showInstallments={false}
    showLabels={true}
    showListPrice={true}
  >
    <div
      className="tc b fabriga"
    >
      <div
        className="pv1"
      >
        <div
          className="dib"
        >
          <FormattedMessage
            id="pricing.from"
            values={Object {}}
          >
            <span>
              from:
            </span>
          </FormattedMessage>
        </div>
        <div
          className="dib strike ph2"
        >
          $200.00
        </div>
      </div>
      <div
        className="pv1"
      >
        <div
          className="dib"
        >
          <FormattedMessage
            id="pricing.to"
            values={Object {}}
          >
            <span>
              to:
            </span>
          </FormattedMessage>
        </div>
        <div
          className="dib ph2"
        >
          $170.00
        </div>
      </div>
    </div>
  </Price>
</InjectIntl(Price)>
`;
